error: Should return `Result`. Found RESULT
 --> tests/ui_fail/not_return_result.rs:5:50
  |
5 | fn execute(_wsv: &WorldStateView) -> iroha_core::RESULT {
  |                                                  ^^^^^^
